[R0-B] n=1286 thr×7 fill×4 (+校正臂)
  thr=0.005 scanned
  thr=0.010 scanned
  thr=0.020 scanned
  thr=0.030 scanned
  thr=0.050 scanned
  thr=0.080 scanned
  thr=0.120 scanned

config                      spear tail300med%  allmed%     MAE    RMSE
thr=0.005 c=0.318 corr      0.691       737.4    172.9   642.4  5224.2
thr=0.005 c=0.500 corr      0.691       433.1     83.8   393.7  3300.8
thr=0.005 c=0.750 corr      0.691       255.4     60.9   253.3  2178.1
thr=0.005 c=1.000 corr      0.691       166.6     54.9   186.3  1617.4
thr=0.010 c=0.318 corr      0.692       623.7    135.5   549.7  4406.1
thr=0.010 c=0.500 corr      0.692       360.7     74.0   336.2  2779.6
thr=0.010 c=0.750 corr      0.692       207.1     56.1   216.8  1830.6
thr=0.010 c=1.000 corr      0.692       130.3     56.1   160.4  1356.8
thr=0.020 c=0.318 corr      0.692       495.6    100.7   456.9  3615.0
thr=0.020 c=0.500 corr      0.692       279.2     63.1   279.3  2276.0
thr=0.020 c=0.750 corr      0.692       152.8     54.1   180.8  1494.9
thr=0.020 c=1.000 corr      0.692        89.6     57.8   135.8  1105.2
thr=0.030 c=0.318 corr      0.692       421.3     85.4   402.7  3155.7
thr=0.030 c=0.500 corr      0.692       231.8     59.5   246.4  1983.5
thr=0.030 c=0.750 corr      0.692       121.2     55.4   160.4  1300.1
thr=0.030 c=1.000 corr      0.692        65.9     60.7   121.7   959.4
thr=0.050 c=0.318 corr      0.691       366.8     74.8   334.0  2574.8
thr=0.050 c=0.500 corr      0.691       197.2     56.2   204.9  1613.9
thr=0.050 c=0.750 corr      0.691        98.1     57.8   135.4  1054.1
thr=0.050 c=1.000 corr      0.691        48.6     64.4   104.5   775.4
thr=0.080 c=0.318 corr      0.689       292.3     62.9   271.1  2049.6
thr=0.080 c=0.500 corr      0.689       149.8     54.8   167.2  1280.0
thr=0.080 c=0.750 corr      0.689        66.5     61.9   113.1   832.2
thr=0.080 c=1.000 corr      0.689        42.5     68.4    89.4   609.9
thr=0.120 c=0.318 corr      0.687       220.3     58.1   217.3  1605.5
thr=0.120 c=0.500 corr      0.687       103.9     57.3   136.0   998.1
thr=0.120 c=0.750 corr      0.687        49.8     66.3    94.9   645.6
thr=0.120 c=1.000 corr      0.687        45.7     72.6    77.2   471.5
thr=0.020 c=0.318 NAIVE     0.690        77.0     57.9   134.1  1092.6

Best: thr=0.020 c=1.000 corr  Spearman=0.692 tail_med=89.6%

分桶表 @best（对照 GOD §0）:
       GT 区间    n med(GT/pred)  med rel%
[   0,  50)  894         1.61      55.8
[  50, 150)  279         1.59      66.7
[ 150, 300)   75         1.99      62.8
[ 300, 600)   26         0.59      70.7
[ 600,3000)   12         0.48     110.3

[R0-B] Spearman>0.9? False (0.692)   tail[300,∞) med<40%? False (89.6%)
VERDICT: FAIL — oracle 上界不达标，OIR 估计器类出局
